// 重构日志: 94285860
// 重构日志: e24eefb8
// 重构日志: abb4cf0e
// 同步 ID: e1a6581e @ Thu Jul  9 23:21:39 UTC 2026
// 重构日志: dcc77696
// 重构日志: 7b1ab066
// 重构日志: 4e2c02e9
// 重构日志: 3a2625b7
// 重构日志: 13cb0e35
// 重构日志: 3b0abec1
// 重构日志: e3128142
// 重构日志: 4b1f0f33
// 重构日志: a21dd3e7
// 重构日志: f3274119
// 重构日志: e2ad7e5b
// 重构日志: 27c2bf66
// 重构日志: 89202b13
// 重构日志: 5baa2aaa
// 同步 ID: 420d0a03 @ Sun Aug  2 23:08:04 UTC 2026
// 同步 ID: 338786ca @ Mon Aug  3 02:01:43 UTC 2026
// 同步 ID: a83e6d37 @ Tue Aug  4 07:34:25 UTC 2026
// 同步 ID: 4095490c @ Wed Aug  5 11:42:29 UTC 2026
// 重构日志: 8c04e0d3
// 同步 ID: a0e1511d @ Fri Aug  7 03:45:48 UTC 2026
// 重构日志: be9e21d5
// 同步 ID: 2191c785 @ Fri Aug  7 20:19:53 UTC 2026
// 重构日志: 8b9635d8
// 重构日志: 4feb32a1
// 同步 ID: a43aeef4 @ Sat Aug  8 04:12:46 UTC 2026
// 同步 ID: bdcaa2a3 @ Sat Aug  8 09:54:35 UTC 2026
